// Jest Snapshot v1, https://goo.gl/fbAQLP

exports[`should match a snapshot 1`] = `
<div>
  <input
    name="name"
    onChange={[Function]}
    placeholder="Name"
    type="text"
    value=""
  />
  <input
    name="date"
    onChange={[Function]}
    placeholder="Date"
    type="date"
    value=""
  />
  <input
    name="time"
    onChange={[Function]}
    placeholder="Time"
    type="time"
    value=""
  />
  <input
    name="number"
    onChange={[Function]}
    placeholder="Number of guests"
    type="number"
    value=""
  />
  <button
    onClick={[Function]}
  >
    Create reservation
  </button>
</div>
`;
