// Jest Snapshot v1, https://goo.gl/fbAQLP

exports[`should match a snapshot 1`] = `
<div>
  <h3 />
  <p />
  <p />
  <p>
    Number of guests: 
  </p>
</div>
`;
