// Jest Snapshot v1, https://goo.gl/fbAQLP

exports[`should match a snapshot 1`] = `
<div
  className="App"
>
  <h1
    className="app-title"
  >
    Turing Cafe Reservations
  </h1>
  <div
    className="resy-form"
  >
    <Form
      addReservation={[Function]}
    />
  </div>
  <h2>
    Loading...
  </h2>
</div>
`;
